DIAG_CHECK wait_s=1.771 publishers=2
{
  "joint_names": [
    "joint1",
    "joint2",
    "joint3",
    "joint4",
    "joint5",
    "joint6",
    "joint7"
  ],
  "joint_target_rad": [
    0.09920397310720605,
    0.002707200498035014,
    -0.09591022524794188,
    0.049902772454663256,
    -0.007078149268559583,
    0.04992773222451784,
    0.09614235791606804
  ],
  "target_transform": [
    [
      0.9751702028254118,
      -0.20266764249894256,
      -0.0892687078732885,
      0.8516474656923709
    ],
    [
      0.1926884600400186,
      0.9751826820076963,
      -0.10904079089809765,
      0.09428237329106791
    ],
    [
      0.10915233799077262,
      0.08913228032647492,
      0.9900208097383363,
      0.25382738340650374
    ],
    [
      0.0,
      0.0,
      0.0,
      1.0
    ]
  ],
  "position_error_m": 6.14211695862884e-05,
  "orientation_error_rad": 1.3799462754625888e-05,
  "model_calibrated": false,
  "execute": true
}
Trajectory completed; final encoder positions agree with the joint targets
